#abs 1.331 → 1.331
#abs 0 → 0
#abs -0.0001 → 0.0001
#abs -1.331 → 1.331
