blah
blah
blah
98 108 97 104
U+0062 U+006C U+0061 U+0068
