`4`f`6`o`4`o`6` `4`b`6`a`4`r`7`
foo`6`bar`7`
foo`6`bar`7`baz
`7:1`foo`4:1`bar`7`
