#ifaliasexists ✓
#ifaliasexists ✗
#ifexists ✓
#ifexists ✗
#grep ✓
#grep ✗
#strcmp ✓
#strcmp ✗
