#Location not found: [A]
-=-
A>B
-=-
A>B
B>C
-=-
A>C
-=-
A>B
B>C
-=-
#SYNTAX: #goto <from> <to>
-=-
#SYNTAX: #goto <from> <to>
-=-
#SYNTAX: #goto <from> <to>
-=-
A>B
-=-
B>C
-=-
(c)
