✓ empty
✗ empty
✓ foobar
✗ foobaz
inline ✗ foo=bar
inline ✓ foo=foo
