meow
Log's contents:
> meow
meow

#SESSION 'a' DIED.
