#outgoing color codes table initialized
black blue green cyan maroon magenta brown gray charcoal azure lime aqua red pink yellow white

#SESSION 'a' DIED.
