#round 0 → 0
#round 1 → 1
#round 1.0 → 1
#round 1.1 → 1
#round 0.1 → 0
#round 0.9 → 1
#round -1.0 → -1
#round -0.1 → 0
#round -0.9 → -1
#round -0.1 → 0
#round 0.4999999 → 0
#round 0.5 → 1
#round 0.5000001 → 1
#round 1.4999999 → 1
#round 1.5 → 2
#round 1.5000001 → 2
#round -0.4999999 → 0
#round -0.5 → -1
#round -0.5000001 → -1
#round -1.4999999 → -1
#round -1.5 → -2
#round -1.5000001 → -2
#round 2147483647 → 2147483647
#round -2147483648 → -2147483648
