a
a a
a a a
a a a a
a a a a a
a a a a a a
a
a b
a a b
a a b b
a a a b b
a a a b b b
a
a c
a b c
a a b c
a a b b c
a a b b c c
a
a c
a c d
a b c d
a a b c d
a a b c c d
a
a d
a c e
a c d e
a b c d e
a a b c d e
a
a d
a c e
a c d f
a c d e f
a b c d e f
