#File read - Success.
abc

def

ghi


jkl

#abc;#bde
ąęść
abc𠀧𠀀𠀁𠀂


#SESSION 'a' DIED.
