345
52759804
43185
1296000
1800
21630
1810.001000000
