#COMMANDS-FILE WRITTEN.
#DELTA COMMANDS FILE WRITTEN.
#alias {bar} {a}
#alias {foo} {a}
#promptaction {bar} {a} {5}
#promptaction {foo} {a} {5}
#antisub {bar}
#antisub {foo}
#sub {bar} {a}
#sub {foo} {a}
#var {bar} {a}
#var {foo} {a}
#route {foo} {bar} {e} 10
#route {bar} {baz} {e} 10
-----
#alias {bar} {a}
#promptaction {bar} {a} {5}
#antisub {bar}
#sub {bar} {a}
#var {bar} {a}
#route {bar} {baz} {e} 10

#SESSION 'a' DIED.
