act: 0
act: 0.1
act: 0.2
act: 0.09
act: 0.10
act: 0.19
act: 0a.1
act: a
act: a6x
act: a06z
