Ab
ab
foobar
ab
aB
xfoo
Ab
AB
ab
aB
foo
ab
xfoobar

#SESSION 'a' DIED.
#THERE'S NO ACTIVE SESSION NOW.
