FOObarbazQUUX
FOO
BAR
BAZ
QUUX
xFOO
fbar
xbaz
xQUUX

#SESSION 'a' DIED.
#THERE'S NO ACTIVE SESSION NOW.
