#Invalid expression to evaluate in {()}
#Invalid expression to evaluate in {1/}
#Error: Division by zero.
#Unmatched parentheses error in {))}.
