#All text is now sent 'as is'.
% a;b
$ ab
% {{{{
$ ((((
% {}{}{
$ {}{}(
% {}}}
$ {}))
% {}{}{}
$ {}{}{}
% {{{}}}
$ {{{}}}

#SESSION 'a' DIED.
