-3 * -3  ⇒  9
-(3) * -(3)  ⇒  9
-(2+1)*-(2+1)  ⇒  9
- 3  ⇒  -3
!3  ⇒  0
!0  ⇒  1
! 3  ⇒  0
! 0  ⇒  1
!(3)  ⇒  0
!(0)  ⇒  1
F  ⇒  0
T  ⇒  1
$  ⇒  0
3.14  ⇒  3.14
3.14  ⇒  3.14
1<2  ⇒  1
1>2  ⇒  0
1<=2  ⇒  1
1>=2  ⇒  0
1=2  ⇒  0
1!=2  ⇒  1
1&2  ⇒  1
1&&2  ⇒  1
1|1  ⇒  1
1||1  ⇒  1
elif
