{a}={foo} @ {5}
#THESE SUBSTITUTES HAVE BEEN DEFINED:
{a}={foo}
#THAT SUBSTITUTE IS NOT DEFINED.
