n
n
s
#Path:  n;n;s
n n s
#Path:  s;s
rep
n
s
s
n
n

#SESSION 'a' DIED.
