#THESE ANTISUBSTITUTES HAS BEEN DEFINED:
{x}
#THESE SUBSTITUTES HAVE BEEN DEFINED:
{x}={2}
#THESE HIGHLIGHTS HAVE BEEN DEFINED:
{x}={red}
#Defined actions:
{x}={2} @ {5}
#Defined promptactions:
{x}={2} @ {5}
**********
#THESE ANTISUBSTITUTES HAS BEEN DEFINED:
#NO SUBSTITUTES HAVE BEEN DEFINED.
#THESE HIGHLIGHTS HAVE BEEN DEFINED:
#Defined actions:
#Defined promptactions:
**********
