foo

#SESSION 'b' DIED.
#SESSION 'a' ACTIVATED.

#SESSION 'a' DIED.
#THERE'S NO ACTIVE SESSION NOW.
