xFOOx
xFOOBARx

#SESSION 'a' DIED.
#THERE'S NO ACTIVE SESSION NOW.
