#angle 1 0 → 0
#angle 1 1 → 45
#angle 0 1 → 90
#sinus 3*30 → 1
#cosinus 90-0 → 0
(450 - #angle 50 -50) % 360 → 135
#sqrt 0.25 → 0.5
(#sqrt 2)/0.0001 → 14142
