pong 2
pong 4
pong 6
pong 8
pong 10
Not a ping!
FIN
