#Ok. messages concerning ticks are now ON.
#OK. TICKSIZE SET TO 11
#TICKER IS NOW ON.
_
A
#ZZZZZZZAAAAAAAAPPPP!!!!!!!!! LET'S GET OUTTA HERE!!!!!!!!

#SESSION 'a' DIED.
#THERE'S NO ACTIVE SESSION NOW.
B
